Archive member included to satisfy reference by file (symbol)

c:/program files/microchip/xc32/v4.45/bin/bin/../../lib/gcc/pic32c/8.3.1/../../../../pic32c/lib/thumb/v8-m.base/nofp\libpic32c.a(data_init.o)
                              C:\Users\chris\AppData\Local\Temp\ccwA1Nom.o (__pic32c_data_initialization)
c:/program files/microchip/xc32/v4.45/bin/bin/../../lib/gcc/pic32c/8.3.1/../../../../pic32c/lib/thumb/v8-m.base/nofp\libc-size-musl.a(memset.o)
                              build/default/production/platform/usart.o (memset)
c:/program files/microchip/xc32/v4.45/bin/bin/../../lib/gcc/pic32c/8.3.1/../../../../pic32c/lib/thumb/v8-m.base/nofp\libc-size-musl.a(strlen.o)
                              build/default/production/main.o (strlen)
c:/program files/microchip/xc32/v4.45/bin/bin/../../lib/gcc/pic32c/8.3.1/../../../../pic32c/lib/thumb/v8-m.base/nofp\libm-fast-emfloat.a(__aeabi_dmul_aux.o)
                              build/default/production/platform/gpio.o (__aeabi_dmul)
c:/program files/microchip/xc32/v4.45/bin/bin/../../lib/gcc/pic32c/8.3.1/../../../../pic32c/lib/thumb/v8-m.base/nofp\libm-fast-emfloat.a(__aeabi_dcmpgt.o)
                              build/default/production/platform/gpio.o (__aeabi_dcmpgt)
c:/program files/microchip/xc32/v4.45/bin/bin/../../lib/gcc/pic32c/8.3.1/../../../../pic32c/lib/thumb/v8-m.base/nofp\libm-fast-emfloat.a(__aeabi_dcmplt.o)
                              build/default/production/platform/gpio.o (__aeabi_dcmplt)
c:/program files/microchip/xc32/v4.45/bin/bin/../../lib/gcc/pic32c/8.3.1/../../../../pic32c/lib/thumb/v8-m.base/nofp\libm-fast-emfloat.a(__aeabi_i2d.o)
                              build/default/production/platform/gpio.o (__aeabi_i2d)
c:/program files/microchip/xc32/v4.45/bin/bin/../../lib/gcc/pic32c/8.3.1/../../../../pic32c/lib/thumb/v8-m.base/nofp\libm-fast-emfloat.a(__aeabi_ui2d.o)
                              c:/program files/microchip/xc32/v4.45/bin/bin/../../lib/gcc/pic32c/8.3.1/../../../../pic32c/lib/thumb/v8-m.base/nofp\libm-fast-emfloat.a(__aeabi_i2d.o) (__aeabi_ui2d)
c:/program files/microchip/xc32/v4.45/bin/bin/../../lib/gcc/pic32c/8.3.1/../../../../pic32c/lib/thumb/v8-m.base/nofp\libc-musl.a(__libc_start_main.o)
                              C:\Users\chris\AppData\Local\Temp\ccwA1Nom.o (__libc_init_array)
c:/program files/microchip/xc32/v4.45/bin/bin/../../lib/gcc/pic32c/8.3.1/../../../../pic32c/lib/thumb/v8-m.base/nofp\libc-musl.a(libc.o)
                              c:/program files/microchip/xc32/v4.45/bin/bin/../../lib/gcc/pic32c/8.3.1/../../../../pic32c/lib/thumb/v8-m.base/nofp\libc-musl.a(__libc_start_main.o) (__progname_full)
c:/program files/microchip/xc32/v4.45/bin/bin/../../lib/gcc/pic32c/8.3.1/../../../../pic32c/lib/thumb/v8-m.base/nofp\libc-musl.a(__environ.o)
                              c:/program files/microchip/xc32/v4.45/bin/bin/../../lib/gcc/pic32c/8.3.1/../../../../pic32c/lib/thumb/v8-m.base/nofp\libc-musl.a(__libc_start_main.o) (__environ)
c:/program files/microchip/xc32/v4.45/bin/bin/../../lib/gcc/pic32c/8.3.1/../../../../pic32c/lib/thumb/v8-m.base/nofp\libpic32c.a(pic32_data_init_clear.o)
                              (__dinit_clear_needed)
c:/program files/microchip/xc32/v4.45/bin/bin/../../lib/gcc/pic32c/8.3.1/../../../../pic32c/lib/thumb/v8-m.base/nofp\libpic32c.a(pic32_data_init_copy.o)
                              (__dinit_copy_needed)

Microchip PIC32 Memory-Usage Report

ROM Program-Memory Usage
section                    address  length [bytes]      (dec)  Description
-------                 ----------  -------------------------  -----------
.vectors                         0          0x15c         348   
.text                        0x15c           0x20          32  App's exec code 
.text                        0x17c          0xe88        3720  App's exec code 
.text                       0x1004          0x6d4        1748  App's exec code 
.rodata                     0x16d8          0x654        1620  Read-only const 
.text                       0x1d2c          0x4d4        1236  App's exec code 
.text                       0x2200          0x32e         814  App's exec code 
.text.__aeabi_dmul_aux      0x252e          0x186         390   
.dinit                      0x26b4           0xb0         176   
.text.Reset_Handler         0x2764           0x7e         126   
.text.Dummy_Handler         0x27e2            0x2           2   
.text.__libc_start_init     0x27e4           0x5c          92   
.text                       0x2840           0x40          64  App's exec code 
.text.__aeabi_dcmpgt        0x2880           0x3e          62   
.text.__aeabi_dcmplt        0x28be           0x3e          62   
.text.__pic32c_data_ini     0x28fc           0x30          48   
.rodata                     0x292c           0x20          32  Read-only const 
.text.__dinit_copy          0x294c           0x1e          30   
.text.__aeabi_i2d           0x296a           0x1c          28   
.text.__aeabi_ui2d          0x2986           0x1a          26   
.text.strlen                0x29a0           0x18          24   
.rodata                     0x29b8           0x14          20  Read-only const 
.text.memset                0x29cc           0x14          20   
.text.__dinit_clear         0x29e0           0x12          18   
.text.__dummy_decompres     0x29f2            0x4           4   
.text.__dummy               0x29f6            0x2           2   
      Total ROM used  :      0x29f8       10744  4.1% of 0x40000
        --------------------------------------------------------------------------
         Total Program Memory used  :      0x29f8       10744  4.1% of 0x40000
        --------------------------------------------------------------------------


RAM Data-Memory Usage
section                    address  length [bytes]      (dec)  Description
-------                 ----------  -------------------------  -----------
.bss                    0x20000000          0x2a8         680  Uninitialized data 
.bss                    0x200002a8           0x50          80  Uninitialized data 
.bss                    0x200002f8           0x2c          44  Uninitialized data 
.bss                    0x20000324           0x1c          28  Uninitialized data 
.bss                    0x20000340            0xc          12  Uninitialized data 
.bss                    0x2000034c            0xc          12  Uninitialized data 
.bss                    0x20000358            0x4           4  Uninitialized data 
.bss                    0x2000035c            0x4           4  Uninitialized data 
.data                   0x20000360           0x14          20  Initialized data 
.data                   0x20000374            0x8           8  Initialized data 
.data                   0x2000037c            0x4           4  Initialized data 
.eh_frame               0x20000380            0x4           4   
         Total RAM used  :       0x384         900  2.7% of 0x8000
        --------------------------------------------------------------------------
            Total Data Memory used  :       0x384         900  2.7% of 0x8000
        --------------------------------------------------------------------------


Dynamic Data-Memory Reservation
section                    address  length [bytes]      (dec)  Description
-------                 ----------  -------------------------  -----------
heap                    0x20000388           0x10          16  Reserved for heap 
stack                   0x200003b0         0x7c40       31808  Reserved for stack 

        --------------------------------------------------------------------------

Microchip PIC32 Memory-Usage Report By Module

        text        data         bss         dec         hex    basename                   filename
--------------------------------------------------------------------------------
        3752           8          12        3772         ebc    gpio.o                 build/default/production/platform/gpio.o
        2856          20         680        3556         de4    main.o                 build/default/production/main.o
        1748           0          44        1792         700    usart.o                build/default/production/platform/usart.o
         814           0          12         826         33a    systick.o              build/default/production/platform/systick.o
         476           0           0         476         1dc    ccwA1Nom.o             C:\Users\chris\AppData\Local\Temp\ccwA1Nom.o
         390           0           0         390         186    __aeabi_dmul_aux.o     libm-fast-emfloat.a
         176           0           0         176          b0    data_init              data_init
          72           4          28         104          68    crtbegin.o             c:/program files/microchip/xc32/v4.45/bin/bin/../../lib/gcc/pic32c/8.3.1/thumb/v8-m.base/nofp/crtbegin.o
          94           0           0          94          5e    __libc_start_main.o    libc-musl.a
           0           0          80          80          50    libc.o                 libc-musl.a
          72           0           4          76          4c    data_init.o            libpic32c.a
          62           0           0          62          3e    __aeabi_dcmpgt.o       libm-fast-emfloat.a
          62           0           0          62          3e    __aeabi_dcmplt.o       libm-fast-emfloat.a
          30           0           0          30          1e    pic32_data_init_copy.o libpic32c.a
          28           0           0          28          1c    __aeabi_i2d.o          libm-fast-emfloat.a
          26           0           0          26          1a    __aeabi_ui2d.o         libm-fast-emfloat.a
          24           0           0          24          18    strlen.o               libc-size-musl.a
          20           0           0          20          14    memset.o               libc-size-musl.a
          18           0           0          18          12    pic32_data_init_clear.olibpic32c.a
          16           0           0          16          10    crtn.o                 c:/program files/microchip/xc32/v4.45/bin/bin/../../lib/gcc/pic32c/8.3.1/thumb/v8-m.base/nofp/crtn.o
           8           0           0           8           8    crti.o                 c:/program files/microchip/xc32/v4.45/bin/bin/../../lib/gcc/pic32c/8.3.1/thumb/v8-m.base/nofp/crti.o
           0           0           4           4           4    __environ.o            libc-musl.a
           0           4           0           4           4    crtend.o               c:/program files/microchip/xc32/v4.45/bin/bin/../../lib/gcc/pic32c/8.3.1/thumb/v8-m.base/nofp/crtend.o
--------------------------------------------------------------------------------
       10744          36         864       11644        2d7c    dist/default/production/EEE158_MP2.production.elf


Discarded input sections

 .xc_stack_usage.hdr
                0x0000000000000000        0xe c:/program files/microchip/xc32/v4.45/bin/bin/../../lib/gcc/pic32c/8.3.1/thumb/v8-m.base/nofp/crti.o
 .xc_stack_usage
                0x0000000000000000       0x26 c:/program files/microchip/xc32/v4.45/bin/bin/../../lib/gcc/pic32c/8.3.1/thumb/v8-m.base/nofp/crti.o
 .xc_stack_usage
                0x0000000000000000       0x3c c:/program files/microchip/xc32/v4.45/bin/bin/../../lib/gcc/pic32c/8.3.1/thumb/v8-m.base/nofp/crtbegin.o
 .xc_stack_usage.hdr
                0x0000000000000000        0xe c:/program files/microchip/xc32/v4.45/bin/bin/../../lib/gcc/pic32c/8.3.1/thumb/v8-m.base/nofp/crtbegin.o
 .xc_stack_usage
                0x0000000000000000       0x4a c:/program files/microchip/xc32/v4.45/bin/bin/../../lib/gcc/pic32c/8.3.1/../../../../pic32c/lib/thumb/v8-m.base/nofp\libpic32c.a(data_init.o)
 .xc_stack_usage.hdr
                0x0000000000000000        0xe c:/program files/microchip/xc32/v4.45/bin/bin/../../lib/gcc/pic32c/8.3.1/../../../../pic32c/lib/thumb/v8-m.base/nofp\libpic32c.a(data_init.o)
 .xc_stack_usage
                0x0000000000000000       0x14 c:/program files/microchip/xc32/v4.45/bin/bin/../../lib/gcc/pic32c/8.3.1/../../../../pic32c/lib/thumb/v8-m.base/nofp\libc-size-musl.a(memset.o)
 .xc_stack_usage.hdr
                0x0000000000000000        0xe c:/program files/microchip/xc32/v4.45/bin/bin/../../lib/gcc/pic32c/8.3.1/../../../../pic32c/lib/thumb/v8-m.base/nofp\libc-size-musl.a(memset.o)
 .xc_stack_usage
                0x0000000000000000       0x14 c:/program files/microchip/xc32/v4.45/bin/bin/../../lib/gcc/pic32c/8.3.1/../../../../pic32c/lib/thumb/v8-m.base/nofp\libc-size-musl.a(strlen.o)
 .xc_stack_usage.hdr
                0x0000000000000000        0xe c:/program files/microchip/xc32/v4.45/bin/bin/../../lib/gcc/pic32c/8.3.1/../../../../pic32c/lib/thumb/v8-m.base/nofp\libc-size-musl.a(strlen.o)
 .xc_stack_usage.hdr
                0x0000000000000000        0xe c:/program files/microchip/xc32/v4.45/bin/bin/../../lib/gcc/pic32c/8.3.1/../../../../pic32c/lib/thumb/v8-m.base/nofp\libm-fast-emfloat.a(__aeabi_dmul_aux.o)
 .xc_stack_usage
                0x0000000000000000       0x38 c:/program files/microchip/xc32/v4.45/bin/bin/../../lib/gcc/pic32c/8.3.1/../../../../pic32c/lib/thumb/v8-m.base/nofp\libm-fast-emfloat.a(__aeabi_dmul_aux.o)
 .xc_stack_usage.hdr
                0x0000000000000000        0xe c:/program files/microchip/xc32/v4.45/bin/bin/../../lib/gcc/pic32c/8.3.1/../../../../pic32c/lib/thumb/v8-m.base/nofp\libm-fast-emfloat.a(__aeabi_dcmpgt.o)
 .xc_stack_usage
                0x0000000000000000       0x1c c:/program files/microchip/xc32/v4.45/bin/bin/../../lib/gcc/pic32c/8.3.1/../../../../pic32c/lib/thumb/v8-m.base/nofp\libm-fast-emfloat.a(__aeabi_dcmpgt.o)
 .xc_stack_usage.hdr
                0x0000000000000000        0xe c:/program files/microchip/xc32/v4.45/bin/bin/../../lib/gcc/pic32c/8.3.1/../../../../pic32c/lib/thumb/v8-m.base/nofp\libm-fast-emfloat.a(__aeabi_dcmplt.o)
 .xc_stack_usage
                0x0000000000000000       0x1c c:/program files/microchip/xc32/v4.45/bin/bin/../../lib/gcc/pic32c/8.3.1/../../../../pic32c/lib/thumb/v8-m.base/nofp\libm-fast-emfloat.a(__aeabi_dcmplt.o)
 .xc_stack_usage.hdr
                0x0000000000000000        0xe c:/program files/microchip/xc32/v4.45/bin/bin/../../lib/gcc/pic32c/8.3.1/../../../../pic32c/lib/thumb/v8-m.base/nofp\libm-fast-emfloat.a(__aeabi_i2d.o)
 .xc_stack_usage
                0x0000000000000000       0x19 c:/program files/microchip/xc32/v4.45/bin/bin/../../lib/gcc/pic32c/8.3.1/../../../../pic32c/lib/thumb/v8-m.base/nofp\libm-fast-emfloat.a(__aeabi_i2d.o)
 .xc_stack_usage.hdr
                0x0000000000000000        0xe c:/program files/microchip/xc32/v4.45/bin/bin/../../lib/gcc/pic32c/8.3.1/../../../../pic32c/lib/thumb/v8-m.base/nofp\libm-fast-emfloat.a(__aeabi_ui2d.o)
 .xc_stack_usage
                0x0000000000000000       0x1a c:/program files/microchip/xc32/v4.45/bin/bin/../../lib/gcc/pic32c/8.3.1/../../../../pic32c/lib/thumb/v8-m.base/nofp\libm-fast-emfloat.a(__aeabi_ui2d.o)
 .xc_stack_usage
                0x0000000000000000       0x34 c:/program files/microchip/xc32/v4.45/bin/bin/../../lib/gcc/pic32c/8.3.1/../../../../pic32c/lib/thumb/v8-m.base/nofp\libc-musl.a(__libc_start_main.o)
 .xc_stack_usage.hdr
                0x0000000000000000        0xe c:/program files/microchip/xc32/v4.45/bin/bin/../../lib/gcc/pic32c/8.3.1/../../../../pic32c/lib/thumb/v8-m.base/nofp\libc-musl.a(__libc_start_main.o)
 .xc_stack_usage.hdr
                0x0000000000000000        0xe c:/program files/microchip/xc32/v4.45/bin/bin/../../lib/gcc/pic32c/8.3.1/../../../../pic32c/lib/thumb/v8-m.base/nofp\libc-musl.a(libc.o)
 .xc_stack_usage.hdr
                0x0000000000000000        0xe c:/program files/microchip/xc32/v4.45/bin/bin/../../lib/gcc/pic32c/8.3.1/../../../../pic32c/lib/thumb/v8-m.base/nofp\libc-musl.a(__environ.o)
 .xc_stack_usage.hdr
                0x0000000000000000        0xe c:/program files/microchip/xc32/v4.45/bin/bin/../../lib/gcc/pic32c/8.3.1/thumb/v8-m.base/nofp/crtend.o
 .xc_stack_usage.hdr
                0x0000000000000000        0xe c:/program files/microchip/xc32/v4.45/bin/bin/../../lib/gcc/pic32c/8.3.1/thumb/v8-m.base/nofp/crtn.o
 .xc_stack_usage
                0x0000000000000000       0x1b c:/program files/microchip/xc32/v4.45/bin/bin/../../lib/gcc/pic32c/8.3.1/../../../../pic32c/lib/thumb/v8-m.base/nofp\libpic32c.a(pic32_data_init_clear.o)
 .xc_stack_usage.hdr
                0x0000000000000000        0xe c:/program files/microchip/xc32/v4.45/bin/bin/../../lib/gcc/pic32c/8.3.1/../../../../pic32c/lib/thumb/v8-m.base/nofp\libpic32c.a(pic32_data_init_clear.o)
 .xc_stack_usage
                0x0000000000000000       0x1a c:/program files/microchip/xc32/v4.45/bin/bin/../../lib/gcc/pic32c/8.3.1/../../../../pic32c/lib/thumb/v8-m.base/nofp\libpic32c.a(pic32_data_init_copy.o)
 .xc_stack_usage.hdr
                0x0000000000000000        0xe c:/program files/microchip/xc32/v4.45/bin/bin/../../lib/gcc/pic32c/8.3.1/../../../../pic32c/lib/thumb/v8-m.base/nofp\libpic32c.a(pic32_data_init_copy.o)

Memory Configuration

Name             Origin             Length             Attributes
rom              0x0000000000000000 0x0000000000040000 xrl
rom_nsc          0x0000000000040000 0x0000000000000000 xrl
ram              0x0000000020000000 0x0000000000008000 xw !r
config_00804000  0x0000000000804000 0x0000000000000004
config_00804004  0x0000000000804004 0x0000000000000004
config_00804008  0x0000000000804008 0x0000000000000004
config_0080400C  0x000000000080400c 0x0000000000000004
config_00804010  0x0000000000804010 0x0000000000000004
config_00804014  0x0000000000804014 0x0000000000000004
config_00804018  0x0000000000804018 0x0000000000000004
config_0080401C  0x000000000080401c 0x0000000000000004
config_00804020  0x0000000000804020 0x0000000000000004
*default*        0x0000000000000000 0xffffffffffffffff

Linker script and memory map

LOAD c:/program files/microchip/xc32/v4.45/bin/bin/../../lib/gcc/pic32c/8.3.1/thumb/v8-m.base/nofp/crti.o
LOAD c:/program files/microchip/xc32/v4.45/bin/bin/../../lib/gcc/pic32c/8.3.1/thumb/v8-m.base/nofp/crtbegin.o
LOAD build/default/production/platform/gpio.o
LOAD build/default/production/platform/systick.o
LOAD build/default/production/platform/usart.o
LOAD build/default/production/main.o
                0x0000000000000001                __MPLAB_BUILD = 0x1
LOAD C:\Users\chris\AppData\Local\Temp\ccwA1Nom.o
START GROUP
LOAD c:/program files/microchip/xc32/v4.45/bin/bin/../../lib/gcc/pic32c/8.3.1/../../../../pic32c/lib/thumb/v8-m.base/nofp\libpic32c.a
LOAD c:/program files/microchip/xc32/v4.45/bin/bin/../../lib/gcc/pic32c/8.3.1/../../../../pic32c/lib/thumb/v8-m.base/nofp\libc-size-musl.a
LOAD c:/program files/microchip/xc32/v4.45/bin/bin/../../lib/gcc/pic32c/8.3.1/../../../../pic32c/lib/thumb/v8-m.base/nofp\liblmalloc-musl.a
LOAD c:/program files/microchip/xc32/v4.45/bin/bin/../../lib/gcc/pic32c/8.3.1/../../../../pic32c/lib/thumb/v8-m.base/nofp\libm-fast-emfloat.a
LOAD c:/program files/microchip/xc32/v4.45/bin/bin/../../lib/gcc/pic32c/8.3.1/../../../../pic32c/lib/thumb/v8-m.base/nofp\libm-musl.a
LOAD c:/program files/microchip/xc32/v4.45/bin/bin/../../lib/gcc/pic32c/8.3.1/../../../../pic32c/lib/thumb/v8-m.base/nofp\libc-musl.a
LOAD c:/program files/microchip/xc32/v4.45/bin/bin/../../lib/gcc/pic32c/8.3.1/../../../../pic32c/lib/thumb/v8-m.base/nofp\libm-fast-emfloat.a
LOAD c:/program files/microchip/xc32/v4.45/bin/bin/../../lib/gcc/pic32c/8.3.1/../../../../pic32c/lib/thumb/v8-m.base/nofp\libm-musl.a
LOAD c:/program files/microchip/xc32/v4.45/bin/bin/../../lib/gcc/pic32c/8.3.1/thumb/v8-m.base/nofp\libgcc.a
END GROUP
LOAD c:/program files/microchip/xc32/v4.45/bin/bin/../../lib/gcc/pic32c/8.3.1/thumb/v8-m.base/nofp/crtend.o
LOAD c:/program files/microchip/xc32/v4.45/bin/bin/../../lib/gcc/pic32c/8.3.1/thumb/v8-m.base/nofp/crtn.o
                0x0000000000040000                __rom_end = (ORIGIN (rom) + LENGTH (rom))
                0x0000000000040000                __rom_nsc_end = (ORIGIN (rom_nsc) + LENGTH (rom_nsc))
                0x0000000020008000                __ram_end = (ORIGIN (ram) + LENGTH (ram))

.config_00804000
 *(.config_00804000)

.config_00804004
 *(.config_00804004)

.config_00804008
 *(.config_00804008)

.config_0080400C
 *(.config_0080400C)

.config_00804010
 *(.config_00804010)

.config_00804014
 *(.config_00804014)

.config_00804018
 *(.config_00804018)

.config_0080401C
 *(.config_0080401C)

.config_00804020
 *(.config_00804020)

.vectors        0x0000000000000000      0x15c
                0x0000000000000000                . = ALIGN (0x4)
                0x0000000000000000                _sfixed = .
 *(.vectors .vectors.* .vectors_default .vectors_default.*)
 .vectors.default
                0x0000000000000000      0x15c C:\Users\chris\AppData\Local\Temp\ccwA1Nom.o
                0x0000000000000000                exception_table
 *(.isr_vector)
 *(.reset*)
 *(.after_vectors)

.text           0x000000000000015c       0x20
                0x000000000000015c                . = ALIGN (0x4)
 *(.glue_7t)
 .glue_7t       0x000000000000015c        0x0 linker stubs
 *(.glue_7)
 .glue_7        0x000000000000015c        0x0 linker stubs
 *veneer.o(.text.*)
 *nonsecure_entry.o(.text.*)
 *(.gnu.linkonce.r.*)
 *(.ARM.extab* .gnu.linkonce.armextab.*)
                0x000000000000015c                . = ALIGN (0x4)
 *(.init)
 .init          0x000000000000015c        0x4 c:/program files/microchip/xc32/v4.45/bin/bin/../../lib/gcc/pic32c/8.3.1/thumb/v8-m.base/nofp/crti.o
                0x000000000000015c                _init
 .init          0x0000000000000160        0x8 c:/program files/microchip/xc32/v4.45/bin/bin/../../lib/gcc/pic32c/8.3.1/thumb/v8-m.base/nofp/crtn.o
                0x0000000000000168                . = ALIGN (0x4)
                0x0000000000000168                __preinit_array_start = .
 *(.preinit_array)
                0x0000000000000168                __preinit_array_end = .
                0x0000000000000168                . = ALIGN (0x4)
                0x0000000000000168                __init_array_start = .
 *(SORT_BY_NAME(.init_array.*))
 *(.init_array)
 .init_array    0x0000000000000168        0x4 c:/program files/microchip/xc32/v4.45/bin/bin/../../lib/gcc/pic32c/8.3.1/thumb/v8-m.base/nofp/crtbegin.o
                0x000000000000016c                __init_array_end = .
                0x000000000000016c                . = ALIGN (0x4)
 *crtbegin.o(.ctors)
 *(EXCLUDE_FILE(*crtend.o) .ctors)
 *(SORT_BY_NAME(.ctors.*))
 *crtend.o(.ctors)
                0x000000000000016c                . = ALIGN (0x4)
 *(.fini)
 .fini          0x000000000000016c        0x4 c:/program files/microchip/xc32/v4.45/bin/bin/../../lib/gcc/pic32c/8.3.1/thumb/v8-m.base/nofp/crti.o
                0x000000000000016c                _fini
 .fini          0x0000000000000170        0x8 c:/program files/microchip/xc32/v4.45/bin/bin/../../lib/gcc/pic32c/8.3.1/thumb/v8-m.base/nofp/crtn.o
                0x0000000000000178                . = ALIGN (0x4)
                0x0000000000000178                __fini_array_start = .
 *(.fini_array)
 .fini_array    0x0000000000000178        0x4 c:/program files/microchip/xc32/v4.45/bin/bin/../../lib/gcc/pic32c/8.3.1/thumb/v8-m.base/nofp/crtbegin.o
 *(SORT_BY_NAME(.fini_array.*))
                0x000000000000017c                __fini_array_end = .
 *crtbegin.o(.dtors)
 *(EXCLUDE_FILE(*crtend.o) .dtors)
 *(SORT_BY_NAME(.dtors.*))
 *crtend.o(.dtors)
                0x000000000000017c                . = ALIGN (0x4)
                0x000000000000017c                _efixed = .
                [!provide]                        PROVIDE (__exidx_start = .)

.ARM.exidx
 *(.ARM.exidx* .gnu.linkonce.armexidx.*)
                [!provide]                        PROVIDE (__exidx_end = .)
                0x000000000000017c                . = ALIGN (0x4)
                0x000000000000017c                _etext = .
                0x000000000000017c                . = ALIGN (0x4)

.gnu.sgstubs    0x0000000000040000        0x0
                0x0000000000040000                _ssgstubs = .

.bss            0x0000000020000000        0x0
                0x0000000020000000                . = ALIGN (0x4)
                0x0000000020000000                __bss_start__ = .
                0x0000000020000000                _sbss = .
                0x0000000020000000                _szero = .
 *(COMMON)
                0x0000000020000000                . = ALIGN (0x4)
                0x0000000020000000                __bss_end__ = .
                0x0000000020000000                _ebss = .
                0x0000000020000000                _ezero = .
                0x0000000020000000                . = ALIGN (0x4)
                0x0000000020000000                _end = .
                0x0000000020007fff                _ram_end_ = ((ORIGIN (ram) + LENGTH (ram)) - 0x1)
OUTPUT(dist/default/production/EEE158_MP2.production.elf elf32-littlearm)
LOAD data_init
LOAD stack

.ARM.attributes
                0x0000000000000000       0x2e
 .ARM.attributes
                0x0000000000000000       0x22 c:/program files/microchip/xc32/v4.45/bin/bin/../../lib/gcc/pic32c/8.3.1/thumb/v8-m.base/nofp/crti.o
 .ARM.attributes
                0x0000000000000022       0x30 c:/program files/microchip/xc32/v4.45/bin/bin/../../lib/gcc/pic32c/8.3.1/thumb/v8-m.base/nofp/crtbegin.o
 .ARM.attributes
                0x0000000000000052       0x30 build/default/production/platform/gpio.o
 .ARM.attributes
                0x0000000000000082       0x30 build/default/production/platform/systick.o
 .ARM.attributes
                0x00000000000000b2       0x30 build/default/production/platform/usart.o
 .ARM.attributes
                0x00000000000000e2       0x30 build/default/production/main.o
 .ARM.attributes
                0x0000000000000112       0x30 C:\Users\chris\AppData\Local\Temp\ccwA1Nom.o
 .ARM.attributes
                0x0000000000000142       0x30 c:/program files/microchip/xc32/v4.45/bin/bin/../../lib/gcc/pic32c/8.3.1/../../../../pic32c/lib/thumb/v8-m.base/nofp\libpic32c.a(data_init.o)
 .ARM.attributes
                0x0000000000000172       0x32 c:/program files/microchip/xc32/v4.45/bin/bin/../../lib/gcc/pic32c/8.3.1/../../../../pic32c/lib/thumb/v8-m.base/nofp\libc-size-musl.a(memset.o)
 .ARM.attributes
                0x00000000000001a4       0x32 c:/program files/microchip/xc32/v4.45/bin/bin/../../lib/gcc/pic32c/8.3.1/../../../../pic32c/lib/thumb/v8-m.base/nofp\libc-size-musl.a(strlen.o)
 .ARM.attributes
                0x00000000000001d6       0x20 c:/program files/microchip/xc32/v4.45/bin/bin/../../lib/gcc/pic32c/8.3.1/../../../../pic32c/lib/thumb/v8-m.base/nofp\libm-fast-emfloat.a(__aeabi_dmul_aux.o)
 .ARM.attributes
                0x00000000000001f6       0x20 c:/program files/microchip/xc32/v4.45/bin/bin/../../lib/gcc/pic32c/8.3.1/../../../../pic32c/lib/thumb/v8-m.base/nofp\libm-fast-emfloat.a(__aeabi_dcmpgt.o)
 .ARM.attributes
                0x0000000000000216       0x20 c:/program files/microchip/xc32/v4.45/bin/bin/../../lib/gcc/pic32c/8.3.1/../../../../pic32c/lib/thumb/v8-m.base/nofp\libm-fast-emfloat.a(__aeabi_dcmplt.o)
 .ARM.attributes
                0x0000000000000236       0x20 c:/program files/microchip/xc32/v4.45/bin/bin/../../lib/gcc/pic32c/8.3.1/../../../../pic32c/lib/thumb/v8-m.base/nofp\libm-fast-emfloat.a(__aeabi_i2d.o)
 .ARM.attributes
                0x0000000000000256       0x20 c:/program files/microchip/xc32/v4.45/bin/bin/../../lib/gcc/pic32c/8.3.1/../../../../pic32c/lib/thumb/v8-m.base/nofp\libm-fast-emfloat.a(__aeabi_ui2d.o)
 .ARM.attributes
                0x0000000000000276       0x32 c:/program files/microchip/xc32/v4.45/bin/bin/../../lib/gcc/pic32c/8.3.1/../../../../pic32c/lib/thumb/v8-m.base/nofp\libc-musl.a(__libc_start_main.o)
 .ARM.attributes
                0x00000000000002a8       0x32 c:/program files/microchip/xc32/v4.45/bin/bin/../../lib/gcc/pic32c/8.3.1/../../../../pic32c/lib/thumb/v8-m.base/nofp\libc-musl.a(libc.o)
 .ARM.attributes
                0x00000000000002da       0x32 c:/program files/microchip/xc32/v4.45/bin/bin/../../lib/gcc/pic32c/8.3.1/../../../../pic32c/lib/thumb/v8-m.base/nofp\libc-musl.a(__environ.o)
 .ARM.attributes
                0x000000000000030c       0x30 c:/program files/microchip/xc32/v4.45/bin/bin/../../lib/gcc/pic32c/8.3.1/thumb/v8-m.base/nofp/crtend.o
 .ARM.attributes
                0x000000000000033c       0x22 c:/program files/microchip/xc32/v4.45/bin/bin/../../lib/gcc/pic32c/8.3.1/thumb/v8-m.base/nofp/crtn.o
 .ARM.attributes
                0x000000000000035e       0x30 c:/program files/microchip/xc32/v4.45/bin/bin/../../lib/gcc/pic32c/8.3.1/../../../../pic32c/lib/thumb/v8-m.base/nofp\libpic32c.a(pic32_data_init_clear.o)
 .ARM.attributes
                0x000000000000038e       0x30 c:/program files/microchip/xc32/v4.45/bin/bin/../../lib/gcc/pic32c/8.3.1/../../../../pic32c/lib/thumb/v8-m.base/nofp\libpic32c.a(pic32_data_init_copy.o)

.comment        0x0000000000000000       0x2b
 .comment       0x0000000000000000       0x2b c:/program files/microchip/xc32/v4.45/bin/bin/../../lib/gcc/pic32c/8.3.1/thumb/v8-m.base/nofp/crtbegin.o
                                         0x2c (size before relaxing)
 .comment       0x000000000000002b       0x2c build/default/production/platform/gpio.o
 .comment       0x000000000000002b       0x2c build/default/production/platform/systick.o
 .comment       0x000000000000002b       0x2c build/default/production/platform/usart.o
 .comment       0x000000000000002b       0x2c build/default/production/main.o
 .comment       0x000000000000002b       0x2c C:\Users\chris\AppData\Local\Temp\ccwA1Nom.o
 .comment       0x000000000000002b       0x2c c:/program files/microchip/xc32/v4.45/bin/bin/../../lib/gcc/pic32c/8.3.1/../../../../pic32c/lib/thumb/v8-m.base/nofp\libpic32c.a(data_init.o)
 .comment       0x000000000000002b       0x2c c:/program files/microchip/xc32/v4.45/bin/bin/../../lib/gcc/pic32c/8.3.1/../../../../pic32c/lib/thumb/v8-m.base/nofp\libc-size-musl.a(memset.o)
 .comment       0x000000000000002b       0x2c c:/program files/microchip/xc32/v4.45/bin/bin/../../lib/gcc/pic32c/8.3.1/../../../../pic32c/lib/thumb/v8-m.base/nofp\libc-size-musl.a(strlen.o)
 .comment       0x000000000000002b       0x2c c:/program files/microchip/xc32/v4.45/bin/bin/../../lib/gcc/pic32c/8.3.1/../../../../pic32c/lib/thumb/v8-m.base/nofp\libc-musl.a(__libc_start_main.o)
 .comment       0x000000000000002b       0x2c c:/program files/microchip/xc32/v4.45/bin/bin/../../lib/gcc/pic32c/8.3.1/../../../../pic32c/lib/thumb/v8-m.base/nofp\libc-musl.a(libc.o)
 .comment       0x000000000000002b       0x2c c:/program files/microchip/xc32/v4.45/bin/bin/../../lib/gcc/pic32c/8.3.1/../../../../pic32c/lib/thumb/v8-m.base/nofp\libc-musl.a(__environ.o)
 .comment       0x000000000000002b       0x2c c:/program files/microchip/xc32/v4.45/bin/bin/../../lib/gcc/pic32c/8.3.1/thumb/v8-m.base/nofp/crtend.o
 .comment       0x000000000000002b       0x2c c:/program files/microchip/xc32/v4.45/bin/bin/../../lib/gcc/pic32c/8.3.1/../../../../pic32c/lib/thumb/v8-m.base/nofp\libpic32c.a(pic32_data_init_clear.o)
 .comment       0x000000000000002b       0x2c c:/program files/microchip/xc32/v4.45/bin/bin/../../lib/gcc/pic32c/8.3.1/../../../../pic32c/lib/thumb/v8-m.base/nofp\libpic32c.a(pic32_data_init_copy.o)

.debug_info     0x0000000000000000     0x4834
 .debug_info    0x0000000000000000     0x1c88 build/default/production/platform/gpio.o
 .debug_info    0x0000000000001c88      0x2ee build/default/production/platform/systick.o
 .debug_info    0x0000000000001f76     0x1438 build/default/production/platform/usart.o
 .debug_info    0x00000000000033ae      0xc4c build/default/production/main.o
 .debug_info    0x0000000000003ffa       0x54 c:/program files/microchip/xc32/v4.45/bin/bin/../../lib/gcc/pic32c/8.3.1/../../../../pic32c/lib/thumb/v8-m.base/nofp\libpic32c.a(data_init.o)
 .debug_info    0x000000000000404e       0xbb c:/program files/microchip/xc32/v4.45/bin/bin/../../lib/gcc/pic32c/8.3.1/../../../../pic32c/lib/thumb/v8-m.base/nofp\libc-size-musl.a(memset.o)
 .debug_info    0x0000000000004109       0xa4 c:/program files/microchip/xc32/v4.45/bin/bin/../../lib/gcc/pic32c/8.3.1/../../../../pic32c/lib/thumb/v8-m.base/nofp\libc-size-musl.a(strlen.o)
 .debug_info    0x00000000000041ad      0x2fb c:/program files/microchip/xc32/v4.45/bin/bin/../../lib/gcc/pic32c/8.3.1/../../../../pic32c/lib/thumb/v8-m.base/nofp\libc-musl.a(__libc_start_main.o)
 .debug_info    0x00000000000044a8      0x276 c:/program files/microchip/xc32/v4.45/bin/bin/../../lib/gcc/pic32c/8.3.1/../../../../pic32c/lib/thumb/v8-m.base/nofp\libc-musl.a(libc.o)
 .debug_info    0x000000000000471e       0x97 c:/program files/microchip/xc32/v4.45/bin/bin/../../lib/gcc/pic32c/8.3.1/../../../../pic32c/lib/thumb/v8-m.base/nofp\libc-musl.a(__environ.o)
 .debug_info    0x00000000000047b5       0x3f c:/program files/microchip/xc32/v4.45/bin/bin/../../lib/gcc/pic32c/8.3.1/../../../../pic32c/lib/thumb/v8-m.base/nofp\libpic32c.a(pic32_data_init_clear.o)
 .debug_info    0x00000000000047f4       0x40 c:/program files/microchip/xc32/v4.45/bin/bin/../../lib/gcc/pic32c/8.3.1/../../../../pic32c/lib/thumb/v8-m.base/nofp\libpic32c.a(pic32_data_init_copy.o)

.debug_abbrev   0x0000000000000000      0xe01
 .debug_abbrev  0x0000000000000000      0x337 build/default/production/platform/gpio.o
 .debug_abbrev  0x0000000000000337      0x19c build/default/production/platform/systick.o
 .debug_abbrev  0x00000000000004d3      0x2b4 build/default/production/platform/usart.o
 .debug_abbrev  0x0000000000000787      0x23e build/default/production/main.o
 .debug_abbrev  0x00000000000009c5       0x44 c:/program files/microchip/xc32/v4.45/bin/bin/../../lib/gcc/pic32c/8.3.1/../../../../pic32c/lib/thumb/v8-m.base/nofp\libpic32c.a(data_init.o)
 .debug_abbrev  0x0000000000000a09       0xa2 c:/program files/microchip/xc32/v4.45/bin/bin/../../lib/gcc/pic32c/8.3.1/../../../../pic32c/lib/thumb/v8-m.base/nofp\libc-size-musl.a(memset.o)
 .debug_abbrev  0x0000000000000aab       0x91 c:/program files/microchip/xc32/v4.45/bin/bin/../../lib/gcc/pic32c/8.3.1/../../../../pic32c/lib/thumb/v8-m.base/nofp\libc-size-musl.a(strlen.o)
 .debug_abbrev  0x0000000000000b3c      0x133 c:/program files/microchip/xc32/v4.45/bin/bin/../../lib/gcc/pic32c/8.3.1/../../../../pic32c/lib/thumb/v8-m.base/nofp\libc-musl.a(__libc_start_main.o)
 .debug_abbrev  0x0000000000000c6f       0xd4 c:/program files/microchip/xc32/v4.45/bin/bin/../../lib/gcc/pic32c/8.3.1/../../../../pic32c/lib/thumb/v8-m.base/nofp\libc-musl.a(libc.o)
 .debug_abbrev  0x0000000000000d43       0x62 c:/program files/microchip/xc32/v4.45/bin/bin/../../lib/gcc/pic32c/8.3.1/../../../../pic32c/lib/thumb/v8-m.base/nofp\libc-musl.a(__environ.o)
 .debug_abbrev  0x0000000000000da5       0x2e c:/program files/microchip/xc32/v4.45/bin/bin/../../lib/gcc/pic32c/8.3.1/../../../../pic32c/lib/thumb/v8-m.base/nofp\libpic32c.a(pic32_data_init_clear.o)
 .debug_abbrev  0x0000000000000dd3       0x2e c:/program files/microchip/xc32/v4.45/bin/bin/../../lib/gcc/pic32c/8.3.1/../../../../pic32c/lib/thumb/v8-m.base/nofp\libpic32c.a(pic32_data_init_copy.o)

.debug_loc      0x0000000000000000      0xb16
 .debug_loc     0x0000000000000000      0x3d8 build/default/production/platform/gpio.o
 .debug_loc     0x00000000000003d8      0x17c build/default/production/platform/systick.o
 .debug_loc     0x0000000000000554      0x30c build/default/production/platform/usart.o
 .debug_loc     0x0000000000000860       0xe2 build/default/production/main.o
 .debug_loc     0x0000000000000942       0x14 c:/program files/microchip/xc32/v4.45/bin/bin/../../lib/gcc/pic32c/8.3.1/../../../../pic32c/lib/thumb/v8-m.base/nofp\libpic32c.a(data_init.o)
 .debug_loc     0x0000000000000956       0xcd c:/program files/microchip/xc32/v4.45/bin/bin/../../lib/gcc/pic32c/8.3.1/../../../../pic32c/lib/thumb/v8-m.base/nofp\libc-size-musl.a(memset.o)
 .debug_loc     0x0000000000000a23       0x81 c:/program files/microchip/xc32/v4.45/bin/bin/../../lib/gcc/pic32c/8.3.1/../../../../pic32c/lib/thumb/v8-m.base/nofp\libc-size-musl.a(strlen.o)
 .debug_loc     0x0000000000000aa4       0x5e c:/program files/microchip/xc32/v4.45/bin/bin/../../lib/gcc/pic32c/8.3.1/../../../../pic32c/lib/thumb/v8-m.base/nofp\libc-musl.a(__libc_start_main.o)
 .debug_loc     0x0000000000000b02       0x14 c:/program files/microchip/xc32/v4.45/bin/bin/../../lib/gcc/pic32c/8.3.1/../../../../pic32c/lib/thumb/v8-m.base/nofp\libpic32c.a(pic32_data_init_copy.o)

.debug_aranges  0x0000000000000000      0x180
 .debug_aranges
                0x0000000000000000       0x20 build/default/production/platform/gpio.o
 .debug_aranges
                0x0000000000000020       0x20 build/default/production/platform/systick.o
 .debug_aranges
                0x0000000000000040       0x20 build/default/production/platform/usart.o
 .debug_aranges
                0x0000000000000060       0x20 build/default/production/main.o
 .debug_aranges
                0x0000000000000080       0x28 c:/program files/microchip/xc32/v4.45/bin/bin/../../lib/gcc/pic32c/8.3.1/../../../../pic32c/lib/thumb/v8-m.base/nofp\libpic32c.a(data_init.o)
 .debug_aranges
                0x00000000000000a8       0x20 c:/program files/microchip/xc32/v4.45/bin/bin/../../lib/gcc/pic32c/8.3.1/../../../../pic32c/lib/thumb/v8-m.base/nofp\libc-size-musl.a(memset.o)
 .debug_aranges
                0x00000000000000c8       0x20 c:/program files/microchip/xc32/v4.45/bin/bin/../../lib/gcc/pic32c/8.3.1/../../../../pic32c/lib/thumb/v8-m.base/nofp\libc-size-musl.a(strlen.o)
 .debug_aranges
                0x00000000000000e8       0x28 c:/program files/microchip/xc32/v4.45/bin/bin/../../lib/gcc/pic32c/8.3.1/../../../../pic32c/lib/thumb/v8-m.base/nofp\libc-musl.a(__libc_start_main.o)
 .debug_aranges
                0x0000000000000110       0x18 c:/program files/microchip/xc32/v4.45/bin/bin/../../lib/gcc/pic32c/8.3.1/../../../../pic32c/lib/thumb/v8-m.base/nofp\libc-musl.a(libc.o)
 .debug_aranges
                0x0000000000000128       0x18 c:/program files/microchip/xc32/v4.45/bin/bin/../../lib/gcc/pic32c/8.3.1/../../../../pic32c/lib/thumb/v8-m.base/nofp\libc-musl.a(__environ.o)
 .debug_aranges
                0x0000000000000140       0x20 c:/program files/microchip/xc32/v4.45/bin/bin/../../lib/gcc/pic32c/8.3.1/../../../../pic32c/lib/thumb/v8-m.base/nofp\libpic32c.a(pic32_data_init_clear.o)
 .debug_aranges
                0x0000000000000160       0x20 c:/program files/microchip/xc32/v4.45/bin/bin/../../lib/gcc/pic32c/8.3.1/../../../../pic32c/lib/thumb/v8-m.base/nofp\libpic32c.a(pic32_data_init_copy.o)

.debug_line     0x0000000000000000     0x1862
 .debug_line    0x0000000000000000      0x7af build/default/production/platform/gpio.o
 .debug_line    0x00000000000007af      0x2d6 build/default/production/platform/systick.o
 .debug_line    0x0000000000000a85      0x412 build/default/production/platform/usart.o
 .debug_line    0x0000000000000e97      0x306 build/default/production/main.o
 .debug_line    0x000000000000119d       0x8e c:/program files/microchip/xc32/v4.45/bin/bin/../../lib/gcc/pic32c/8.3.1/../../../../pic32c/lib/thumb/v8-m.base/nofp\libpic32c.a(data_init.o)
 .debug_line    0x000000000000122b       0xe3 c:/program files/microchip/xc32/v4.45/bin/bin/../../lib/gcc/pic32c/8.3.1/../../../../pic32c/lib/thumb/v8-m.base/nofp\libc-size-musl.a(memset.o)
 .debug_line    0x000000000000130e       0xee c:/program files/microchip/xc32/v4.45/bin/bin/../../lib/gcc/pic32c/8.3.1/../../../../pic32c/lib/thumb/v8-m.base/nofp\libc-size-musl.a(strlen.o)
 .debug_line    0x00000000000013fc      0x1bf c:/program files/microchip/xc32/v4.45/bin/bin/../../lib/gcc/pic32c/8.3.1/../../../../pic32c/lib/thumb/v8-m.base/nofp\libc-musl.a(__libc_start_main.o)
 .debug_line    0x00000000000015bb       0xb5 c:/program files/microchip/xc32/v4.45/bin/bin/../../lib/gcc/pic32c/8.3.1/../../../../pic32c/lib/thumb/v8-m.base/nofp\libc-musl.a(libc.o)
 .debug_line    0x0000000000001670       0xfb c:/program files/microchip/xc32/v4.45/bin/bin/../../lib/gcc/pic32c/8.3.1/../../../../pic32c/lib/thumb/v8-m.base/nofp\libc-musl.a(__environ.o)
 .debug_line    0x000000000000176b       0x6f c:/program files/microchip/xc32/v4.45/bin/bin/../../lib/gcc/pic32c/8.3.1/../../../../pic32c/lib/thumb/v8-m.base/nofp\libpic32c.a(pic32_data_init_clear.o)
 .debug_line    0x00000000000017da       0x88 c:/program files/microchip/xc32/v4.45/bin/bin/../../lib/gcc/pic32c/8.3.1/../../../../pic32c/lib/thumb/v8-m.base/nofp\libpic32c.a(pic32_data_init_copy.o)

.debug_str      0x0000000000000000     0x3b5c
 .debug_str     0x0000000000000000     0x13d3 build/default/production/platform/gpio.o
 .debug_str     0x00000000000013d3      0x3ca build/default/production/platform/systick.o
 .debug_str     0x000000000000179d      0x943 build/default/production/platform/usart.o
 .debug_str     0x00000000000020e0      0x725 build/default/production/main.o
 .debug_str     0x0000000000002805      0x1f8 c:/program files/microchip/xc32/v4.45/bin/bin/../../lib/gcc/pic32c/8.3.1/../../../../pic32c/lib/thumb/v8-m.base/nofp\libpic32c.a(data_init.o)
 .debug_str     0x00000000000029fd      0x21e c:/program files/microchip/xc32/v4.45/bin/bin/../../lib/gcc/pic32c/8.3.1/../../../../pic32c/lib/thumb/v8-m.base/nofp\libc-size-musl.a(memset.o)
 .debug_str     0x0000000000002c1b      0x224 c:/program files/microchip/xc32/v4.45/bin/bin/../../lib/gcc/pic32c/8.3.1/../../../../pic32c/lib/thumb/v8-m.base/nofp\libc-size-musl.a(strlen.o)
 .debug_str     0x0000000000002e3f      0x3d7 c:/program files/microchip/xc32/v4.45/bin/bin/../../lib/gcc/pic32c/8.3.1/../../../../pic32c/lib/thumb/v8-m.base/nofp\libc-musl.a(__libc_start_main.o)
 .debug_str     0x0000000000003216      0x342 c:/program files/microchip/xc32/v4.45/bin/bin/../../lib/gcc/pic32c/8.3.1/../../../../pic32c/lib/thumb/v8-m.base/nofp\libc-musl.a(libc.o)
 .debug_str     0x0000000000003558      0x242 c:/program files/microchip/xc32/v4.45/bin/bin/../../lib/gcc/pic32c/8.3.1/../../../../pic32c/lib/thumb/v8-m.base/nofp\libc-musl.a(__environ.o)
 .debug_str     0x000000000000379a      0x1e2 c:/program files/microchip/xc32/v4.45/bin/bin/../../lib/gcc/pic32c/8.3.1/../../../../pic32c/lib/thumb/v8-m.base/nofp\libpic32c.a(pic32_data_init_clear.o)
 .debug_str     0x000000000000397c      0x1e0 c:/program files/microchip/xc32/v4.45/bin/bin/../../lib/gcc/pic32c/8.3.1/../../../../pic32c/lib/thumb/v8-m.base/nofp\libpic32c.a(pic32_data_init_copy.o)

.debug_frame    0x0000000000000000      0x6c8
 .debug_frame   0x0000000000000000      0x274 build/default/production/platform/gpio.o
 .debug_frame   0x0000000000000274       0xec build/default/production/platform/systick.o
 .debug_frame   0x0000000000000360      0x1dc build/default/production/platform/usart.o
 .debug_frame   0x000000000000053c       0x94 build/default/production/main.o
 .debug_frame   0x00000000000005d0       0x38 c:/program files/microchip/xc32/v4.45/bin/bin/../../lib/gcc/pic32c/8.3.1/../../../../pic32c/lib/thumb/v8-m.base/nofp\libpic32c.a(data_init.o)
 .debug_frame   0x0000000000000608       0x20 c:/program files/microchip/xc32/v4.45/bin/bin/../../lib/gcc/pic32c/8.3.1/../../../../pic32c/lib/thumb/v8-m.base/nofp\libc-size-musl.a(memset.o)
 .debug_frame   0x0000000000000628       0x20 c:/program files/microchip/xc32/v4.45/bin/bin/../../lib/gcc/pic32c/8.3.1/../../../../pic32c/lib/thumb/v8-m.base/nofp\libc-size-musl.a(strlen.o)
 .debug_frame   0x0000000000000648       0x38 c:/program files/microchip/xc32/v4.45/bin/bin/../../lib/gcc/pic32c/8.3.1/../../../../pic32c/lib/thumb/v8-m.base/nofp\libc-musl.a(__libc_start_main.o)
 .debug_frame   0x0000000000000680       0x20 c:/program files/microchip/xc32/v4.45/bin/bin/../../lib/gcc/pic32c/8.3.1/../../../../pic32c/lib/thumb/v8-m.base/nofp\libpic32c.a(pic32_data_init_clear.o)
 .debug_frame   0x00000000000006a0       0x28 c:/program files/microchip/xc32/v4.45/bin/bin/../../lib/gcc/pic32c/8.3.1/../../../../pic32c/lib/thumb/v8-m.base/nofp\libpic32c.a(pic32_data_init_copy.o)

.debug_ranges   0x0000000000000000       0x90
 .debug_ranges  0x0000000000000000       0x18 c:/program files/microchip/xc32/v4.45/bin/bin/../../lib/gcc/pic32c/8.3.1/../../../../pic32c/lib/thumb/v8-m.base/nofp\libpic32c.a(data_init.o)
 .debug_ranges  0x0000000000000018       0x10 c:/program files/microchip/xc32/v4.45/bin/bin/../../lib/gcc/pic32c/8.3.1/../../../../pic32c/lib/thumb/v8-m.base/nofp\libc-size-musl.a(memset.o)
 .debug_ranges  0x0000000000000028       0x10 c:/program files/microchip/xc32/v4.45/bin/bin/../../lib/gcc/pic32c/8.3.1/../../../../pic32c/lib/thumb/v8-m.base/nofp\libc-size-musl.a(strlen.o)
 .debug_ranges  0x0000000000000038       0x38 c:/program files/microchip/xc32/v4.45/bin/bin/../../lib/gcc/pic32c/8.3.1/../../../../pic32c/lib/thumb/v8-m.base/nofp\libc-musl.a(__libc_start_main.o)
 .debug_ranges  0x0000000000000070       0x10 c:/program files/microchip/xc32/v4.45/bin/bin/../../lib/gcc/pic32c/8.3.1/../../../../pic32c/lib/thumb/v8-m.base/nofp\libpic32c.a(pic32_data_init_clear.o)
 .debug_ranges  0x0000000000000080       0x10 c:/program files/microchip/xc32/v4.45/bin/bin/../../lib/gcc/pic32c/8.3.1/../../../../pic32c/lib/thumb/v8-m.base/nofp\libpic32c.a(pic32_data_init_copy.o)

.note.GNU-stack
                0x0000000000000000        0x0
 .note.GNU-stack
                0x0000000000000000        0x0 c:/program files/microchip/xc32/v4.45/bin/bin/../../lib/gcc/pic32c/8.3.1/../../../../pic32c/lib/thumb/v8-m.base/nofp\libc-size-musl.a(memset.o)
 .note.GNU-stack
                0x0000000000000000        0x0 c:/program files/microchip/xc32/v4.45/bin/bin/../../lib/gcc/pic32c/8.3.1/../../../../pic32c/lib/thumb/v8-m.base/nofp\libc-size-musl.a(strlen.o)
 .note.GNU-stack
                0x0000000000000000        0x0 c:/program files/microchip/xc32/v4.45/bin/bin/../../lib/gcc/pic32c/8.3.1/../../../../pic32c/lib/thumb/v8-m.base/nofp\libc-musl.a(__libc_start_main.o)
 .note.GNU-stack
                0x0000000000000000        0x0 c:/program files/microchip/xc32/v4.45/bin/bin/../../lib/gcc/pic32c/8.3.1/../../../../pic32c/lib/thumb/v8-m.base/nofp\libc-musl.a(libc.o)
 .note.GNU-stack
                0x0000000000000000        0x0 c:/program files/microchip/xc32/v4.45/bin/bin/../../lib/gcc/pic32c/8.3.1/../../../../pic32c/lib/thumb/v8-m.base/nofp\libc-musl.a(__environ.o)

.stack          0x00000000200003b0      0x100
 .stack         0x00000000200003b0      0x100 stack

.bss%1          0x0000000020000000      0x2a8
 .bss           0x0000000020000000      0x2a8 build/default/production/main.o
                0x0000000020000000                ready_to_exit
                0x0000000020000004                emergency_stop
                0x0000000020000008                currentSetting
                0x000000002000000c                init
                0x00000000200002a4                i

.bss%2          0x00000000200002a8       0x50
 .bss           0x00000000200002a8       0x50 c:/program files/microchip/xc32/v4.45/bin/bin/../../lib/gcc/pic32c/8.3.1/../../../../pic32c/lib/thumb/v8-m.base/nofp\libc-musl.a(libc.o)
                0x00000000200002a8                __progname_full
                0x00000000200002a8                program_invocation_name
                0x00000000200002ac                program_invocation_short_name
                0x00000000200002ac                __progname
                0x00000000200002b0                __sysinfo
                0x00000000200002b4                __hwcap
                0x00000000200002b8                __libc

.bss%3          0x00000000200002f8       0x2c
 .bss           0x00000000200002f8       0x2c build/default/production/platform/usart.o

.bss%4          0x0000000020000324       0x1c
 .bss           0x0000000020000324       0x1c c:/program files/microchip/xc32/v4.45/bin/bin/../../lib/gcc/pic32c/8.3.1/thumb/v8-m.base/nofp/crtbegin.o

.bss%5          0x0000000020000340        0xc
 .bss           0x0000000020000340        0xc build/default/production/platform/gpio.o
                0x0000000020000344                push
                0x0000000020000348                release

.bss%6          0x000000002000034c        0xc
 .bss           0x000000002000034c        0xc build/default/production/platform/systick.o

.bss%7          0x0000000020000358        0x4
 .bss           0x0000000020000358        0x4 c:/program files/microchip/xc32/v4.45/bin/bin/../../lib/gcc/pic32c/8.3.1/../../../../pic32c/lib/thumb/v8-m.base/nofp\libpic32c.a(data_init.o)

.bss%8          0x000000002000035c        0x4
 .bss           0x000000002000035c        0x4 c:/program files/microchip/xc32/v4.45/bin/bin/../../lib/gcc/pic32c/8.3.1/../../../../pic32c/lib/thumb/v8-m.base/nofp\libc-musl.a(__environ.o)
                0x000000002000035c                __environ
                0x000000002000035c                environ
                0x000000002000035c                ___environ
                0x000000002000035c                _environ

.bss%z1         0x0000000000000000        0x0
 .bss           0x0000000000000000        0x0 c:/program files/microchip/xc32/v4.45/bin/bin/../../lib/gcc/pic32c/8.3.1/../../../../pic32c/lib/thumb/v8-m.base/nofp\libpic32c.a(pic32_data_init_copy.o)

.bss%z2         0x0000000000000000        0x0
 .bss           0x0000000000000000        0x0 c:/program files/microchip/xc32/v4.45/bin/bin/../../lib/gcc/pic32c/8.3.1/../../../../pic32c/lib/thumb/v8-m.base/nofp\libpic32c.a(pic32_data_init_clear.o)

.bss%z3         0x0000000000000000        0x0
 .bss           0x0000000000000000        0x0 c:/program files/microchip/xc32/v4.45/bin/bin/../../lib/gcc/pic32c/8.3.1/thumb/v8-m.base/nofp/crtn.o

.bss%z4         0x0000000000000000        0x0
 .bss           0x0000000000000000        0x0 c:/program files/microchip/xc32/v4.45/bin/bin/../../lib/gcc/pic32c/8.3.1/thumb/v8-m.base/nofp/crtend.o

.bss%z5         0x0000000000000000        0x0
 .bss           0x0000000000000000        0x0 c:/program files/microchip/xc32/v4.45/bin/bin/../../lib/gcc/pic32c/8.3.1/../../../../pic32c/lib/thumb/v8-m.base/nofp\libc-musl.a(__libc_start_main.o)

.bss%z6         0x0000000000000000        0x0
 .bss           0x0000000000000000        0x0 c:/program files/microchip/xc32/v4.45/bin/bin/../../lib/gcc/pic32c/8.3.1/../../../../pic32c/lib/thumb/v8-m.base/nofp\libc-size-musl.a(strlen.o)

.bss%z7         0x0000000000000000        0x0
 .bss           0x0000000000000000        0x0 c:/program files/microchip/xc32/v4.45/bin/bin/../../lib/gcc/pic32c/8.3.1/../../../../pic32c/lib/thumb/v8-m.base/nofp\libc-size-musl.a(memset.o)

.bss%z8         0x0000000000000000        0x0
 .bss           0x0000000000000000        0x0 C:\Users\chris\AppData\Local\Temp\ccwA1Nom.o

.bss%z9         0x0000000000000000        0x0
 .bss           0x0000000000000000        0x0 c:/program files/microchip/xc32/v4.45/bin/bin/../../lib/gcc/pic32c/8.3.1/thumb/v8-m.base/nofp/crti.o

.data%9         0x0000000020000360       0x14
 .data          0x0000000020000360       0x14 build/default/production/main.o
                0x0000000020000360                blinkSettingStrings

.data%10        0x0000000020000374        0x8
 .data          0x0000000020000374        0x8 build/default/production/platform/gpio.o
                0x0000000020000374                top
                0x0000000020000378                eic_init

.data%11        0x000000002000037c        0x4
 .data          0x000000002000037c        0x4 c:/program files/microchip/xc32/v4.45/bin/bin/../../lib/gcc/pic32c/8.3.1/thumb/v8-m.base/nofp/crtbegin.o
                0x000000002000037c                __dso_handle

.eh_frame%12    0x0000000020000380        0x4
 .eh_frame      0x0000000020000380        0x4 c:/program files/microchip/xc32/v4.45/bin/bin/../../lib/gcc/pic32c/8.3.1/thumb/v8-m.base/nofp/crtend.o

.data%z10       0x0000000000000000        0x0
 .data          0x0000000000000000        0x0 c:/program files/microchip/xc32/v4.45/bin/bin/../../lib/gcc/pic32c/8.3.1/../../../../pic32c/lib/thumb/v8-m.base/nofp\libpic32c.a(pic32_data_init_copy.o)

.data%z11       0x0000000000000000        0x0
 .data          0x0000000000000000        0x0 c:/program files/microchip/xc32/v4.45/bin/bin/../../lib/gcc/pic32c/8.3.1/../../../../pic32c/lib/thumb/v8-m.base/nofp\libpic32c.a(pic32_data_init_clear.o)

.data%z12       0x0000000000000000        0x0
 .data          0x0000000000000000        0x0 c:/program files/microchip/xc32/v4.45/bin/bin/../../lib/gcc/pic32c/8.3.1/thumb/v8-m.base/nofp/crtn.o

.data%z13       0x0000000000000000        0x0
 .data          0x0000000000000000        0x0 c:/program files/microchip/xc32/v4.45/bin/bin/../../lib/gcc/pic32c/8.3.1/thumb/v8-m.base/nofp/crtend.o

.data%z14       0x0000000000000000        0x0
 .data          0x0000000000000000        0x0 c:/program files/microchip/xc32/v4.45/bin/bin/../../lib/gcc/pic32c/8.3.1/../../../../pic32c/lib/thumb/v8-m.base/nofp\libc-musl.a(__environ.o)

.data%z15       0x0000000000000000        0x0
 .data          0x0000000000000000        0x0 c:/program files/microchip/xc32/v4.45/bin/bin/../../lib/gcc/pic32c/8.3.1/../../../../pic32c/lib/thumb/v8-m.base/nofp\libc-musl.a(libc.o)

.data%z16       0x0000000000000000        0x0
 .data          0x0000000000000000        0x0 c:/program files/microchip/xc32/v4.45/bin/bin/../../lib/gcc/pic32c/8.3.1/../../../../pic32c/lib/thumb/v8-m.base/nofp\libc-musl.a(__libc_start_main.o)

.data%z17       0x0000000000000000        0x0
 .data          0x0000000000000000        0x0 c:/program files/microchip/xc32/v4.45/bin/bin/../../lib/gcc/pic32c/8.3.1/../../../../pic32c/lib/thumb/v8-m.base/nofp\libc-size-musl.a(strlen.o)

.data%z18       0x0000000000000000        0x0
 .data          0x0000000000000000        0x0 c:/program files/microchip/xc32/v4.45/bin/bin/../../lib/gcc/pic32c/8.3.1/../../../../pic32c/lib/thumb/v8-m.base/nofp\libc-size-musl.a(memset.o)

.data%z19       0x0000000000000000        0x0
 .data          0x0000000000000000        0x0 c:/program files/microchip/xc32/v4.45/bin/bin/../../lib/gcc/pic32c/8.3.1/../../../../pic32c/lib/thumb/v8-m.base/nofp\libpic32c.a(data_init.o)

.data%z20       0x0000000000000000        0x0
 .data          0x0000000000000000        0x0 C:\Users\chris\AppData\Local\Temp\ccwA1Nom.o

.data%z21       0x0000000000000000        0x0
 .data          0x0000000000000000        0x0 build/default/production/platform/usart.o

.data%z22       0x0000000000000000        0x0
 .data          0x0000000000000000        0x0 build/default/production/platform/systick.o

.eh_frame%z23   0x0000000000000000        0x0
 .eh_frame      0x0000000000000000        0x0 c:/program files/microchip/xc32/v4.45/bin/bin/../../lib/gcc/pic32c/8.3.1/thumb/v8-m.base/nofp/crtbegin.o

.data%z24       0x0000000000000000        0x0
 .data          0x0000000000000000        0x0 c:/program files/microchip/xc32/v4.45/bin/bin/../../lib/gcc/pic32c/8.3.1/thumb/v8-m.base/nofp/crti.o

.text%13        0x000000000000017c      0xe88
 .text          0x000000000000017c      0xe88 build/default/production/platform/gpio.o
                0x00000000000002ac                tc2_read_count
                0x0000000000000564                read_count
                0x000000000000059a                tcc3_read
                0x00000000000005e0                platform_blink_modify
                0x0000000000000960                EIC_EXTINT_2_Handler
                0x0000000000000b28                platform_pb_get_event
                0x0000000000000ba4                platform_init
                0x0000000000000bde                EIC_EXTINT_7_Handler
                0x0000000000000d06                Emergency_Pins_Init
                0x0000000000000dcc                TC0_Init
                0x0000000000000eee                platform_do_loop_one
                0x0000000000000f0c                TCC3_Init

.text%14        0x0000000000001004      0x6d4
 .text          0x0000000000001004      0x6d4 build/default/production/platform/usart.o
                0x0000000000001004                platform_usart_init
                0x0000000000001488                platform_usart_tick_handler
                0x00000000000015b0                platform_usart_cdc_tx_async
                0x00000000000015d6                platform_usart_cdc_tx_busy
                0x00000000000015f0                platform_usart_cdc_tx_abort
                0x0000000000001682                platform_usart_cdc_rx_async
                0x00000000000016a6                platform_usart_cdc_rx_busy
                0x00000000000016c0                platform_usart_cdc_rx_abort

.rodata%15      0x00000000000016d8      0x654
 .rodata        0x00000000000016d8      0x654 build/default/production/main.o

.text%16        0x0000000000001d2c      0x4d4
 .text          0x0000000000001d2c      0x4d4 build/default/production/main.o
                0x00000000000021e8                main

.text%17        0x0000000000002200      0x32e
 .text          0x0000000000002200      0x32e build/default/production/platform/systick.o
                0x0000000000002200                platform_timespec_normalize
                0x0000000000002256                platform_timespec_compare
                0x00000000000022ae                SysTick_Handler
                0x0000000000002356                platform_systick_init
                0x000000000000238c                platform_tick_count
                0x00000000000023c6                platform_tick_hrcount
                0x000000000000244e                platform_tick_delta

.text.__aeabi_dmul_aux%18
                0x000000000000252e      0x186
 .text.__aeabi_dmul_aux
                0x000000000000252e      0x186 c:/program files/microchip/xc32/v4.45/bin/bin/../../lib/gcc/pic32c/8.3.1/../../../../pic32c/lib/thumb/v8-m.base/nofp\libm-fast-emfloat.a(__aeabi_dmul_aux.o)
                0x000000000000252e                __aeabi_dmul_aux
                0x0000000000002562                __aeabi_dmul

.dinit%19       0x00000000000026b4       0xb0
 .dinit         0x00000000000026b4       0xb0 data_init

.text.Reset_Handler%20
                0x0000000000002764       0x7e
 .text.Reset_Handler
                0x0000000000002764       0x7e C:\Users\chris\AppData\Local\Temp\ccwA1Nom.o
                0x0000000000002764                Reset_Handler

.text.__libc_start_init%21
                0x00000000000027e4       0x5c
 .text.__libc_start_init
                0x00000000000027e4       0x5c c:/program files/microchip/xc32/v4.45/bin/bin/../../lib/gcc/pic32c/8.3.1/../../../../pic32c/lib/thumb/v8-m.base/nofp\libc-musl.a(__libc_start_main.o)
                0x00000000000027e4                __libc_init_array

.text%22        0x0000000000002840       0x40
 .text          0x0000000000002840       0x40 c:/program files/microchip/xc32/v4.45/bin/bin/../../lib/gcc/pic32c/8.3.1/thumb/v8-m.base/nofp/crtbegin.o

.text.__aeabi_dcmpgt%23
                0x0000000000002880       0x3e
 .text.__aeabi_dcmpgt
                0x0000000000002880       0x3e c:/program files/microchip/xc32/v4.45/bin/bin/../../lib/gcc/pic32c/8.3.1/../../../../pic32c/lib/thumb/v8-m.base/nofp\libm-fast-emfloat.a(__aeabi_dcmpgt.o)
                0x0000000000002880                __aeabi_dcmpgt

.text.__aeabi_dcmplt%24
                0x00000000000028be       0x3e
 .text.__aeabi_dcmplt
                0x00000000000028be       0x3e c:/program files/microchip/xc32/v4.45/bin/bin/../../lib/gcc/pic32c/8.3.1/../../../../pic32c/lib/thumb/v8-m.base/nofp\libm-fast-emfloat.a(__aeabi_dcmplt.o)
                0x00000000000028be                __aeabi_dcmplt

.text.__pic32c_data_initialization%25
                0x00000000000028fc       0x30
 .text.__pic32c_data_initialization
                0x00000000000028fc       0x30 c:/program files/microchip/xc32/v4.45/bin/bin/../../lib/gcc/pic32c/8.3.1/../../../../pic32c/lib/thumb/v8-m.base/nofp\libpic32c.a(data_init.o)
                0x00000000000028fc                __pic32c_data_initialization

.rodata%26      0x000000000000292c       0x20
 .rodata        0x000000000000292c       0x20 build/default/production/platform/gpio.o

.text.__dinit_copy%27
                0x000000000000294c       0x1e
 .text.__dinit_copy
                0x000000000000294c       0x1e c:/program files/microchip/xc32/v4.45/bin/bin/../../lib/gcc/pic32c/8.3.1/../../../../pic32c/lib/thumb/v8-m.base/nofp\libpic32c.a(pic32_data_init_copy.o)
                0x000000000000294c                __dinit_copy_needed
                0x000000000000294c                __dinit_copy

.text.__aeabi_i2d%28
                0x000000000000296a       0x1c
 .text.__aeabi_i2d
                0x000000000000296a       0x1c c:/program files/microchip/xc32/v4.45/bin/bin/../../lib/gcc/pic32c/8.3.1/../../../../pic32c/lib/thumb/v8-m.base/nofp\libm-fast-emfloat.a(__aeabi_i2d.o)
                0x000000000000296a                __aeabi_i2d

.text.__aeabi_ui2d%29
                0x0000000000002986       0x1a
 .text.__aeabi_ui2d
                0x0000000000002986       0x1a c:/program files/microchip/xc32/v4.45/bin/bin/../../lib/gcc/pic32c/8.3.1/../../../../pic32c/lib/thumb/v8-m.base/nofp\libm-fast-emfloat.a(__aeabi_ui2d.o)
                0x0000000000002986                __aeabi_ui2d

.text.strlen%30
                0x00000000000029a0       0x18
 .text.strlen   0x00000000000029a0       0x18 c:/program files/microchip/xc32/v4.45/bin/bin/../../lib/gcc/pic32c/8.3.1/../../../../pic32c/lib/thumb/v8-m.base/nofp\libc-size-musl.a(strlen.o)
                0x00000000000029a0                strlen

.rodata%31      0x00000000000029b8       0x14
 .rodata        0x00000000000029b8       0x14 c:/program files/microchip/xc32/v4.45/bin/bin/../../lib/gcc/pic32c/8.3.1/../../../../pic32c/lib/thumb/v8-m.base/nofp\libpic32c.a(data_init.o)

.text.memset%32
                0x00000000000029cc       0x14
 .text.memset   0x00000000000029cc       0x14 c:/program files/microchip/xc32/v4.45/bin/bin/../../lib/gcc/pic32c/8.3.1/../../../../pic32c/lib/thumb/v8-m.base/nofp\libc-size-musl.a(memset.o)
                0x00000000000029cc                memset

.text.__dinit_clear%33
                0x00000000000029e0       0x12
 .text.__dinit_clear
                0x00000000000029e0       0x12 c:/program files/microchip/xc32/v4.45/bin/bin/../../lib/gcc/pic32c/8.3.1/../../../../pic32c/lib/thumb/v8-m.base/nofp\libpic32c.a(pic32_data_init_clear.o)
                0x00000000000029e0                __dinit_clear
                0x00000000000029e0                __dinit_clear_needed

.text.__dummy_decompress%34
                0x00000000000029f2        0x4
 .text.__dummy_decompress
                0x00000000000029f2        0x4 c:/program files/microchip/xc32/v4.45/bin/bin/../../lib/gcc/pic32c/8.3.1/../../../../pic32c/lib/thumb/v8-m.base/nofp\libpic32c.a(data_init.o)
                0x00000000000029f2                __dinit_decompress
                0x00000000000029f2                __dinit_copy_val_data
                0x00000000000029f2                __dinit_copy_emb

.text.Dummy_Handler%35
                0x00000000000027e2        0x2
 .text.Dummy_Handler
                0x00000000000027e2        0x2 C:\Users\chris\AppData\Local\Temp\ccwA1Nom.o
                0x00000000000027e2                SVCall_Handler
                0x00000000000027e2                SERCOM0_2_Handler
                0x00000000000027e2                EVSYS_0_Handler
                0x00000000000027e2                TRNG_Handler
                0x00000000000027e2                ADC_RESRDY_Handler
                0x00000000000027e2                HardFault_Handler
                0x00000000000027e2                TC2_Handler
                0x00000000000027e2                AC_Handler
                0x00000000000027e2                DMAC_OTHER_Handler
                0x00000000000027e2                EIC_EXTINT_5_Handler
                0x00000000000027e2                SERCOM3_1_Handler
                0x00000000000027e2                SERCOM4_OTHER_Handler
                0x00000000000027e2                SERCOM3_2_Handler
                0x00000000000027e2                EIC_EXTINT_6_Handler
                0x00000000000027e2                PendSV_Handler
                0x00000000000027e2                EVSYS_3_Handler
                0x00000000000027e2                NonMaskableInt_Handler
                0x00000000000027e2                TCC1_Handler
                0x00000000000027e2                EIC_EXTINT_4_Handler
                0x00000000000027e2                SERCOM0_OTHER_Handler
                0x00000000000027e2                TCC0_Handler
                0x00000000000027e2                SERCOM0_0_Handler
                0x00000000000027e2                RTC_Handler
                0x00000000000027e2                SERCOM4_0_Handler
                0x00000000000027e2                SERCOM1_OTHER_Handler
                0x00000000000027e2                EVSYS_1_Handler
                0x00000000000027e2                DMAC_0_Handler
                0x00000000000027e2                WDT_Handler
                0x00000000000027e2                TRAM_Handler
                0x00000000000027e2                EVSYS_NSCHK_Handler
                0x00000000000027e2                EIC_EXTINT_1_Handler
                0x00000000000027e2                SERCOM5_0_Handler
                0x00000000000027e2                TC1_Handler
                0x00000000000027e2                EIC_EXTINT_0_Handler
                0x00000000000027e2                DAC_UNDERRUN_Handler
                0x00000000000027e2                DAC_EMPTY_Handler
                0x00000000000027e2                PAC_Handler
                0x00000000000027e2                USB_Handler
                0x00000000000027e2                SERCOM4_1_Handler
                0x00000000000027e2                Dummy_Handler
                0x00000000000027e2                SERCOM5_1_Handler
                0x00000000000027e2                DMAC_2_Handler
                0x00000000000027e2                SERCOM0_1_Handler
                0x00000000000027e2                SERCOM5_OTHER_Handler
                0x00000000000027e2                DMAC_1_Handler
                0x00000000000027e2                TCC3_Handler
                0x00000000000027e2                TCC2_Handler
                0x00000000000027e2                SERCOM1_1_Handler
                0x00000000000027e2                EVSYS_7_Handler
                0x00000000000027e2                I2S_Handler
                0x00000000000027e2                NVMCTRL_Handler
                0x00000000000027e2                PORT_Handler
                0x00000000000027e2                SYSTEM_Handler
                0x00000000000027e2                SERCOM1_0_Handler
                0x00000000000027e2                SERCOM2_1_Handler
                0x00000000000027e2                SERCOM1_2_Handler
                0x00000000000027e2                SERCOM3_0_Handler
                0x00000000000027e2                SERCOM4_2_Handler
                0x00000000000027e2                EVSYS_4_Handler
                0x00000000000027e2                SERCOM5_2_Handler
                0x00000000000027e2                SERCOM2_2_Handler
                0x00000000000027e2                EIC_EXTINT_3_Handler
                0x00000000000027e2                SERCOM3_OTHER_Handler
                0x00000000000027e2                PTC_Handler
                0x00000000000027e2                EVSYS_6_Handler
                0x00000000000027e2                EVSYS_5_Handler
                0x00000000000027e2                EVSYS_2_Handler
                0x00000000000027e2                SERCOM2_OTHER_Handler
                0x00000000000027e2                FREQM_Handler
                0x00000000000027e2                TC0_Handler
                0x00000000000027e2                EIC_OTHER_Handler
                0x00000000000027e2                ADC_OTHER_Handler
                0x00000000000027e2                DMAC_3_Handler
                0x00000000000027e2                SERCOM2_0_Handler

.text.__dummy%36
                0x00000000000029f6        0x2
 .text.__dummy  0x00000000000029f6        0x2 c:/program files/microchip/xc32/v4.45/bin/bin/../../lib/gcc/pic32c/8.3.1/../../../../pic32c/lib/thumb/v8-m.base/nofp\libc-musl.a(__libc_start_main.o)
                0x00000000000029f6                __init_stdio
                0x00000000000029f6                __init_host

.text%z25       0x0000000000000000        0x0
 .text          0x0000000000000000        0x0 c:/program files/microchip/xc32/v4.45/bin/bin/../../lib/gcc/pic32c/8.3.1/../../../../pic32c/lib/thumb/v8-m.base/nofp\libpic32c.a(pic32_data_init_copy.o)

.text%z26       0x0000000000000000        0x0
 .text          0x0000000000000000        0x0 c:/program files/microchip/xc32/v4.45/bin/bin/../../lib/gcc/pic32c/8.3.1/../../../../pic32c/lib/thumb/v8-m.base/nofp\libpic32c.a(pic32_data_init_clear.o)

.text%z27       0x0000000000000000        0x0
 .text          0x0000000000000000        0x0 c:/program files/microchip/xc32/v4.45/bin/bin/../../lib/gcc/pic32c/8.3.1/thumb/v8-m.base/nofp/crtn.o

.text%z28       0x0000000000000000        0x0
 .text          0x0000000000000000        0x0 c:/program files/microchip/xc32/v4.45/bin/bin/../../lib/gcc/pic32c/8.3.1/thumb/v8-m.base/nofp/crtend.o

.text%z29       0x0000000000000000        0x0
 .text          0x0000000000000000        0x0 c:/program files/microchip/xc32/v4.45/bin/bin/../../lib/gcc/pic32c/8.3.1/../../../../pic32c/lib/thumb/v8-m.base/nofp\libc-musl.a(__environ.o)

.text%z30       0x0000000000000000        0x0
 .text          0x0000000000000000        0x0 c:/program files/microchip/xc32/v4.45/bin/bin/../../lib/gcc/pic32c/8.3.1/../../../../pic32c/lib/thumb/v8-m.base/nofp\libc-musl.a(libc.o)

.text%z31       0x0000000000000000        0x0
 .text          0x0000000000000000        0x0 c:/program files/microchip/xc32/v4.45/bin/bin/../../lib/gcc/pic32c/8.3.1/../../../../pic32c/lib/thumb/v8-m.base/nofp\libc-musl.a(__libc_start_main.o)

.text%z32       0x0000000000000000        0x0
 .text          0x0000000000000000        0x0 c:/program files/microchip/xc32/v4.45/bin/bin/../../lib/gcc/pic32c/8.3.1/../../../../pic32c/lib/thumb/v8-m.base/nofp\libc-size-musl.a(strlen.o)

.text%z33       0x0000000000000000        0x0
 .text          0x0000000000000000        0x0 c:/program files/microchip/xc32/v4.45/bin/bin/../../lib/gcc/pic32c/8.3.1/../../../../pic32c/lib/thumb/v8-m.base/nofp\libc-size-musl.a(memset.o)

.text%z34       0x0000000000000000        0x0
 .text          0x0000000000000000        0x0 c:/program files/microchip/xc32/v4.45/bin/bin/../../lib/gcc/pic32c/8.3.1/../../../../pic32c/lib/thumb/v8-m.base/nofp\libpic32c.a(data_init.o)

.text%z35       0x0000000000000000        0x0
 .text          0x0000000000000000        0x0 C:\Users\chris\AppData\Local\Temp\ccwA1Nom.o

.text%z36       0x0000000000000000        0x0
 .text          0x0000000000000000        0x0 c:/program files/microchip/xc32/v4.45/bin/bin/../../lib/gcc/pic32c/8.3.1/thumb/v8-m.base/nofp/crti.o
